<html>
<body>
<pre>
<h1>µVision Build Log</h1>
<h2>Project:</h2>
D:\Erhan\SD_Card_Boot_Loader\BootTest.uvproj
Project File Date:  01/27/2015

<h2>Output:</h2>
Rebuild target 'BootLoader'
Before Build - User command #1: armcc --device DLM -I . -E -o .\bl_config.inc .\Source\bl_config.c
--- Error: User Command terminated, Exit-Code = 1
compiling bl_main.c...
assembling bl_startup_rvmdk.S...
compiling bl_check.c...
compiling mmcbbp.c...
compiling pff.c...
".\bin\BootTest.axf" - 1 Errors, 0 Warning(s).
Target not created
Rebuild target 'BootLoader'
Before Build - User command #1: armcc --device DLM -I . -E -o .\bl_config.inc .\Source\bl_config.c
compiling bl_main.c...
assembling bl_startup_rvmdk.S...
compiling bl_check.c...
compiling mmcbbp.c...
compiling pff.c...
linking...
Program Size: Code=3040 RO-data=128 RW-data=12 ZI-data=320  
".\bin\BootTest.axf" - 0 Errors, 0 Warning(s).
